[ibourgeoisep.wixsite.com/escadron-502.html]
[static.parastorage.com/unpkg/core-js-bundle@3.2.1/minified.js]
[static.parastorage.com/unpkg/focus-within-polyfill@5.0.9/dist/focus-within-polyfill.js]
[polyfill.io/v3/polyfill.mind82c.js]
[browser.sentry-cdn.com/6.18.2/bundle.min.js]
[ibourgeoisep.wixsite.com/decodeURIComponent(e]
[backblue.gif]
[fade.gif]
[index.html]
[ibourgeoisep.wixsite.com/sitemap.xml]
[ibourgeoisep.wixsite.com/feed.xml]
[static.parastorage.com/services/wix-thunderbolt/dist/ab-test-compilation/thunderbolt-commons.40c17294.bundle.min.js]
[static.parastorage.com/services/wix-thunderbolt/dist/ab-test-compilation/main.b7ac6c9e.bundle.min.js]
[ibourgeoisep.wixsite.com/index.html]
[static.parastorage.com/unpkg/lodash@4.17.21/lodash.min.js]
[static.parastorage.com/unpkg/react@16.14.0/umd/react.production.min.js]
[static.parastorage.com/services/tag-manager-client/1.705.0/siteTags.bundle.min.js]
[static.parastorage.com/services/wix-perf-measure/1.1058.0/wix-perf-measure.umd.min.js]
[static.parastorage.com/unpkg/react-dom@16.14.0/umd/react-dom.production.min.js]
[static.parastorage.com/services/editor-elements-library/dist/thunderbolt/media/sloppyframe.d2412ec4.png]
[static.wixstatic.com/media/480890ceef2444b8a2c9914e773d1404.jpg/v1/fill/w_147,h_98,al_c,q_80,usm_0.66_1.00_0.01,blur_2,enc_auto/480890ceef2444b8a2c9914e773d1404.jpg]
[ibourgeoisep.wixsite.com/escadron-502/file-share.html]
[ibourgeoisep.wixsite.com/escadron-502/members.html]
[static.wixstatic.com/media/634ae93ad10c49dc8cd89caad6b7406c.jpg/v1/fill/w_123,h_82,al_c,q_80,usm_0.66_1.00_0.01,blur_2,enc_auto/634ae93ad10c49dc8cd89caad6b7406c.jpg]
[static.wixstatic.com/media/11062b_3a4b98c34cf64768b1ced85cdced9afd_mv2.jpg/v1/fill/w_75,h_50,al_c,q_80,usm_0.66_1.00_0.01,blur_2,enc_auto/11062b_3a4b98c34cf64768b1ced85cdced9afd_mv2.jpg]
[static.wixstatic.com/media/634ae93ad10c49dc8cd89caad6b7406c.jpg/v1/fill/w_75,h_50,al_c,q_80,usm_0.66_1.00_0.01,blur_2,enc_auto/634ae93ad10c49dc8cd89caad6b7406c.jpg]
[static.wixstatic.com/media/480890ceef2444b8a2c9914e773d1404.jpg/v1/fill/w_75,h_50,al_c,q_80,usm_0.66_1.00_0.01,blur_2,enc_auto/480890ceef2444b8a2c9914e773d1404.jpg]
[static.wixstatic.com/media/11062b_8296e16d3c67420c92a2f6c71dfbe620_mv2.jpeg/v1/fill/w_82,h_54,al_c,q_80,usm_0.66_1.00_0.01,blur_2,enc_auto/11062b_8296e16d3c67420c92a2f6c71dfbe620_mv2.jpg]
[static.wixstatic.com/media/11062b_c2c91f68f3364e19bcb3d68b92f81a7d_mv2.jpg/v1/fill/w_82,h_54,al_c,q_80,usm_0.66_1.00_0.01,blur_2,enc_auto/11062b_c2c91f68f3364e19bcb3d68b92f81a7d_mv2.jpg]
[static.wixstatic.com/media/11062b_3a4b98c34cf64768b1ced85cdced9afd_mv2.jpg/v1/fill/w_82,h_55,al_c,q_80,usm_0.66_1.00_0.01,blur_2,enc_auto/11062b_3a4b98c34cf64768b1ced85cdced9afd_mv2.jpg]
[static.wixstatic.com/media/11062b_2a999823c0db4a729d2f1e8cece8acfd_mv2.jpeg/v1/fill/w_114,h_78,al_c,q_80,usm_0.66_1.00_0.01,blur_2,enc_auto/11062b_2a999823c0db4a729d2f1e8cece8acfd_mv2.jpg]
[ibourgeoisep.wixsite.com/escadron-502.html]
[ibourgeoisep.wixsite.com/decodeURIComponent(e.html]
[ibourgeoisep.wixsite.com/sitemap.html]
[ibourgeoisep.wixsite.com/feed.html]
[ibourgeoisep.wixsite.com/index.html]
[ibourgeoisep.wixsite.com/escadron-502/decodeURIComponent(e]
[ibourgeoisep.wixsite.com/escadron-502/robots.txt]
[ibourgeoisep.wixsite.com/escadron-502/sitemap.xml]
[ibourgeoisep.wixsite.com/escadron-502/feed.xml]
[static.parastorage.com/services/wix-thunderbolt/dist/thunderbolt-commons.5cfb4463.bundle.min.js]
[ibourgeoisep.wixsite.com/escadron-502/file-share.html]
[ibourgeoisep.wixsite.com/escadron-502/members.html]
[ibourgeoisep.wixsite.com/escadron-502/decodeURIComponent(e.html]
[ibourgeoisep.wixsite.com/escadron-502/robots.html]
[ibourgeoisep.wixsite.com/escadron-502/feed.html]
[static.parastorage.com/services/wix-thunderbolt/dist/main.03ac1974.bundle.min.js]
